
> oasis-2026-web@0.0.0 build
> tsc -b && vite build

vite v8.2.1 building client environment for production...
[2Ktransforming...
/svgs/registration/birds.svg referenced in /svgs/registration/birds.svg didn't resolve at build time, it will remain unchanged to be resolved at runtime
✓ 198 modules transformed.
rendering chunks...
computing gzip size...
dist/index.html                                       1.32 kB │ gzip:   0.57 kB
dist/assets/wheel-HXfrRgn9.png                        4.63 kB
dist/assets/cross-H0n7ln-L.png                        5.52 kB
dist/assets/leftCloud-Dqla46rw.webp                   6.61 kB
dist/assets/backButton-CEXXJWmD.png                   8.79 kB
dist/assets/emma-C0h1j8bR.webp                        9.27 kB
dist/assets/inputBg-xntEe65t.png                      9.34 kB
dist/assets/playBtn-Dtk-HT83.webp                    10.48 kB
dist/assets/camel1-l-ys8R17.svg                      13.18 kB │ gzip:   4.44 kB
dist/assets/play-BwHDWE5K.webp                       13.52 kB
dist/assets/cloudSmall-BiVfnT_Q.svg                  14.01 kB │ gzip:   5.45 kB
dist/assets/maybefinalsorry-gdy0DZKf.webp            15.11 kB
dist/assets/Aladin-Regular-coehYNCJ.woff2            15.58 kB
dist/assets/camel2-CnZCjSun.svg                      15.79 kB │ gzip:   5.72 kB
dist/assets/pitchPerfect-CFNtQtAi.webp               15.86 kB
dist/assets/eventsTitle-BQXiesMh.webp                17.19 kB
dist/assets/cover-azHWSV5F.webp                      17.64 kB
dist/assets/backBtn-BZYOR2y6.webp                    17.66 kB
dist/assets/btn-Dk1q2SWG.png                         21.15 kB
dist/assets/buttonbg-CLULpNUR.png                    21.18 kB
dist/assets/lamp-j7feLIPt.webp                       24.31 kB
dist/assets/bgback-DjT7a-8u.webp                     25.39 kB
dist/assets/tarang--WvdT9pl.webp                     26.60 kB
dist/assets/Moon-D_eSoAev.webp                       30.80 kB
dist/assets/dramaVase-D4DI6Ktb.webp                  31.09 kB
dist/assets/cloudThree-DOhf7a-8.svg                  33.09 kB │ gzip:  12.31 kB
dist/assets/photographyVase-DpIyMkWf.webp            34.94 kB
dist/assets/cloudBig-D00UJqv5.svg                    34.99 kB │ gzip:  12.54 kB
dist/assets/leftTop-trimmed-Be1lEwa7.webp            35.99 kB
dist/assets/bgBottom-CQLQgHc8.webp                   37.82 kB
dist/assets/musicVase-D8yJINbs.webp                  38.57 kB
dist/assets/danceVase-BzR6QvPv.webp                  41.01 kB
dist/assets/instructionsScroll-DVpdP4Dy.webp         42.77 kB
dist/assets/leftmiddle-OopG-SSp.png                  43.12 kB
dist/assets/googleRegMob-CRtlsS_5.svg                45.51 kB │ gzip:  13.12 kB
dist/assets/board-Db4E9oSv.png                       50.05 kB
dist/assets/otherVase-C6PNp9W3.webp                  51.16 kB
dist/assets/sandfinal-Dx5rEKdz.webp                  51.70 kB
dist/assets/head-BWx5ldvZ.png                        52.70 kB
dist/assets/bg-CPkCiL9i.png                          55.46 kB
dist/assets/swaranjali-yvxaXuuc.webp                 56.69 kB
dist/assets/lidEdge-eRj8kp96.png                     62.17 kB
dist/assets/LogoOasisi-CFxK6hkP.webp                 67.24 kB
dist/assets/goHome-BtjPVVCd.svg                      70.57 kB │ gzip:  26.85 kB
dist/assets/cloud-xccrV8_n.webp                      72.17 kB
dist/assets/instructionsScrollLong-RMUt4DC9.webp     72.92 kB
dist/assets/regCactus-CybiNeff.png                   73.81 kB
dist/assets/bgCont-DSJG5xX2.png                      74.75 kB
dist/assets/pillarTop-trimmed-Cr4tjFbw.webp          86.26 kB
dist/assets/googleReg-D7zfFmCg.svg                   96.44 kB │ gzip:  25.27 kB
dist/assets/ffControl-BKpWk9hC.png                   96.56 kB
dist/assets/righttop-CdoQUwCn.png                   101.24 kB
dist/assets/regCarpet-BSm5kGIT.png                  103.56 kB
dist/assets/modalFrameMobile-CJ31VIWr.webp          143.67 kB
dist/assets/modalFrame-y_vrscB_.webp                146.40 kB
dist/assets/leftbottom-CTgWJaVM.png                 157.07 kB
dist/assets/metamorphosis-p4lq7vf4.webp             159.32 kB
dist/assets/stagePlay-DZBKE4T5.webp                 159.36 kB
dist/assets/lefttop-C485zsO-.png                    162.31 kB
dist/assets/chestWell-Cff2CttE.png                  167.65 kB
dist/assets/rapWars-CcwsS16H.webp                   170.18 kB
dist/assets/axtacy-kwXFRsWG.webp                    175.20 kB
dist/assets/beatBrawl-B6z4ZqTt.webp                 192.50 kB
dist/assets/hypercut-BSVGQRbD.webp                  195.04 kB
dist/assets/closedBook-CkvsVHAM.webp                207.11 kB
dist/assets/sukhmanch-e9MWFsfW.webp                 211.03 kB
dist/assets/eventsPagebg-C_N3oRjv.webp              215.90 kB
dist/assets/andholika-CuUR2nvw.webp                 216.63 kB
dist/assets/desertDuel-lB6MdF0E.webp                217.10 kB
dist/assets/choreo-yLl2nPBX.webp                    218.96 kB
dist/assets/tajMahal-CjbbTIQd.png                   225.46 kB
dist/assets/sandBottom-BdNPi9pe.png                 250.99 kB
dist/assets/bgVideo-2NvL1xtx.png                    255.47 kB
dist/assets/pageMob-DTiAkUjI.png                    258.44 kB
dist/assets/bg-Ce5acHRY.jpg                         287.37 kB
dist/assets/bg_star-Ddnx_-lp.webp                   289.40 kB
dist/assets/razzmatazz-kiZOzAmJ.webp                290.85 kB
dist/assets/rightmid-DfOXLJFo.png                   316.87 kB
dist/assets/drumDuels-BNnnWLNK.webp                 330.73 kB
dist/assets/sandAbove-DYdWpMFG.png                  332.85 kB
dist/assets/RegBg-CxcDkRAG.png                      404.18 kB
dist/assets/tandav-BCc7LIwT.webp                    450.60 kB
dist/assets/guitarBook-BrVkLoJ4.png                 460.64 kB
dist/assets/lidDome-gU4KEOFE.png                    544.37 kB
dist/assets/rightbottom-84POuoPh.png                615.75 kB
dist/assets/streetDance-lzJQ1DxK.webp               693.55 kB
dist/assets/streetPlay-DhKUTcRt.webp                706.33 kB
dist/assets/fashP-CRK7Z-X5.webp                     721.31 kB
dist/assets/Moon-1HTYhWkZ.png                       747.69 kB
dist/assets/castlefinal2-D9tRmnL9.png               778.80 kB
dist/assets/lidInner-BChMPlbP.png                   803.31 kB
dist/assets/trunkStuff-z8aILBSi.png                 820.22 kB
dist/assets/page-C-J0r4oz.png                     1,001.62 kB
dist/assets/chestBase-CyJpyvCi.png                1,070.67 kB
dist/assets/Sand2-EWEzHsTd.png                    1,172.96 kB
dist/assets/map-9J7VRC0_.webp                     1,257.15 kB
dist/assets/book-DHy9gEcd.png                     2,535.42 kB
dist/assets/card-ILHv0HT8.png                     3,143.14 kB
dist/assets/curtain-B-p3n5Pc.mp4                  4,730.12 kB
dist/assets/ShootingStars-BsR4RGb4.css                0.65 kB │ gzip:   0.40 kB
dist/assets/ComingSoon-NzbDuQvT.css                   2.08 kB │ gzip:   0.72 kB
dist/assets/Contact-DkJrenQd.css                      6.27 kB │ gzip:   1.43 kB
dist/assets/Home-7iIkTOtn.css                         9.14 kB │ gzip:   2.19 kB
dist/assets/About-DZxERnqf.css                        9.33 kB │ gzip:   1.94 kB
dist/assets/index-ByBFMOIs.css                       10.67 kB │ gzip:   2.71 kB
dist/assets/EventsPage-CqtgMCZ9.css                  13.00 kB │ gzip:   2.52 kB
dist/assets/Nav-BSwoGb_a.css                         14.93 kB │ gzip:   5.46 kB
dist/assets/Registration-COW2O51Q.css                62.66 kB │ gzip:  10.96 kB
dist/assets/ShootingStars-BQEhuK4a.js                 1.34 kB │ gzip:   0.71 kB
dist/assets/ComingSoon-D9L407ww.js                    2.67 kB │ gzip:   1.17 kB
dist/assets/Nav-D6C9Qu2G.js                           9.74 kB │ gzip:   3.75 kB
dist/assets/Contact-COLBhHzb.js                      10.96 kB │ gzip:   5.16 kB
dist/assets/Home-NDilMHBd.js                         20.61 kB │ gzip:  10.25 kB
dist/assets/EventsPage-xTI1P-Ib.js                   21.32 kB │ gzip:   7.99 kB
dist/assets/About-Ba2HJ_K2.js                        59.60 kB │ gzip:  25.65 kB
dist/assets/Registration-CU7firtg.js                285.23 kB │ gzip: 107.01 kB
dist/assets/index-DbuZPAh9.js                       821.94 kB │ gzip: 288.39 kB

✓ built in 1.31s
[plugin builtin:vite-reporter] 
(!) Some chunks are larger than 500 kB after minification. Consider:
- Using dynamic import() to code-split the application
- Use build.rolldownOptions.output.codeSplitting to improve chunking: https://rolldown.rs/reference/OutputOptions.codeSplitting
- Adjust chunk size limit for this warning via build.chunkSizeWarningLimit.
